a	CM000664.1:234668879:14:AT	CM000664.1:234668879:15:ATA	CM000664.1:234668879:15:ATATATATATATATA
