SRR000001.FR0.10771
SRR000001.FR0.14768
SRR000001.FR0.67427
SRR000001.FR0.69460
SRR000001.FR0.72857
SRR000001.FR0.139309
SRR000001.FR0.194173
SRR000001.FR1.195352
SRR000001.FR0.197812
SRR000001.FR0.241626
SRR000001.FR1.246272
SRR000001.FR0.247149
SRR000001.FR0.292879
SRR000001.FR0.317105
SRR000001.FR0.333498
SRR000001.FR1.341451
SRR000001.FR0.359850
SRR000001.FR0.430698
SRR000001.FR0.459747
