SRR000001.FR0.10771
SRR000001.FR0.14768
SRR000001.FR0.67427
SRR000001.FR0.69460
