SRR600096.FR0.2
SRR600096.FR0.3
SRR600096.FR0.4
SRR600096.FR0.6
SRR600096.FR0.8
SRR600096.FR0.10
SRR600096.FR0.13
SRR600096.FR0.14
SRR600096.FR0.15
SRR600096.FR0.16
SRR600097.FR0.10254
SRR600097.FR0.46960
