SRR000001.FR0.104686
SRR000001.FR0.105697
SRR000001.FR0.10771
SRR000001.FR0.108492
SRR000001.FR0.110122
SRR000001.FR0.110239
SRR000001.FR0.110733
SRR000001.FR0.111812
SRR000001.FR0.11231
SRR000001.FR0.113035
SRR000001.FR0.114981
SRR000001.FR0.11906
SRR000001.FR0.12005
SRR000001.FR0.122571
SRR000001.FR0.123761
SRR000001.FR0.125359
SRR000001.FR0.125960
SRR000001.FR0.127003
SRR000001.FR0.127385
SRR000001.FR0.128788
SRR000001.FR0.131237
SRR000001.FR0.131525
SRR000001.FR0.13210
SRR000001.FR0.136696
SRR000001.FR0.136723
SRR000001.FR0.13926
SRR000001.FR0.139309
SRR000001.FR0.140064
SRR000001.FR0.14183
SRR000001.FR0.1419
SRR000001.FR0.14768
SRR000001.FR0.147862
SRR000001.FR0.149433
SRR000001.FR0.150314
SRR000001.FR0.150873
SRR000001.FR0.152060
SRR000001.FR0.159210
SRR000001.FR0.159980
SRR000001.FR0.160917
SRR000001.FR0.161596
SRR000001.FR0.162242
SRR000001.FR0.162371
SRR000001.FR0.166723
SRR000001.FR0.171214
SRR000001.FR0.171321
SRR000001.FR0.172868
SRR000001.FR0.179085
SRR000001.FR0.179367
SRR000001.FR0.181893
SRR000001.FR0.182798
SRR000001.FR0.184406
SRR000001.FR0.184985
SRR000001.FR0.187610
SRR000001.FR0.187661
SRR000001.FR0.189868
SRR000001.FR0.190561
SRR000001.FR0.190562
SRR000001.FR0.191651
SRR000001.FR0.193969
SRR000001.FR0.194128
SRR000001.FR0.194173
SRR000001.FR0.196620
SRR000001.FR0.197812
SRR000001.FR0.200117
SRR000001.FR0.200750
SRR000001.FR0.20096
SRR000001.FR0.204078
SRR000001.FR0.206420
SRR000001.FR0.206627
SRR000001.FR0.206649
SRR000001.FR0.206849
SRR000001.FR0.209108
SRR000001.FR0.211098
SRR000001.FR0.212739
SRR000001.FR0.213142
SRR000001.FR0.214856
SRR000001.FR0.216783
SRR000001.FR0.217252
SRR000001.FR0.217799
SRR000001.FR0.217874
SRR000001.FR0.22049
SRR000001.FR0.222833
SRR000001.FR0.224160
SRR000001.FR0.225142
SRR000001.FR0.22558
SRR000001.FR0.226698
SRR000001.FR0.227324
SRR000001.FR0.228406
SRR000001.FR0.229271
SRR000001.FR0.229453
SRR000001.FR0.229707
SRR000001.FR0.230298
SRR000001.FR0.230854
SRR000001.FR0.231025
SRR000001.FR0.231525
SRR000001.FR0.233419
SRR000001.FR0.234535
SRR000001.FR0.236288
SRR000001.FR0.239154
SRR000001.FR0.239806
SRR000001.FR0.241626
SRR000001.FR0.24362
SRR000001.FR0.247149
SRR000001.FR0.247430
SRR000001.FR0.248448
SRR000001.FR0.257853
SRR000001.FR0.257856
SRR000001.FR0.257942
SRR000001.FR0.259565
SRR000001.FR0.261115
SRR000001.FR0.261179
SRR000001.FR0.263185
SRR000001.FR0.264255
SRR000001.FR0.265982
SRR000001.FR0.266154
SRR000001.FR0.267746
SRR000001.FR0.269000
SRR000001.FR0.270571
SRR000001.FR0.27142
SRR000001.FR0.273448
SRR000001.FR0.275850
SRR000001.FR0.278041
SRR000001.FR0.278943
SRR000001.FR0.280218
SRR000001.FR0.28063
SRR000001.FR0.282630
SRR000001.FR0.285787
SRR000001.FR0.286410
SRR000001.FR0.292691
SRR000001.FR0.292879
SRR000001.FR0.2934
SRR000001.FR0.293929
SRR000001.FR0.294498
SRR000001.FR0.294980
SRR000001.FR0.296105
SRR000001.FR0.301289
SRR000001.FR0.301601
SRR000001.FR0.303962
SRR000001.FR0.305070
SRR000001.FR0.308415
SRR000001.FR0.309590
SRR000001.FR0.311277
SRR000001.FR0.313153
SRR000001.FR0.314703
SRR000001.FR0.317028
SRR000001.FR0.317105
SRR000001.FR0.317675
SRR000001.FR0.319075
SRR000001.FR0.324780
SRR000001.FR0.325206
SRR000001.FR0.32545
SRR000001.FR0.325902
SRR000001.FR0.329815
SRR000001.FR0.331357
SRR000001.FR0.332312
SRR000001.FR0.333243
SRR000001.FR0.333498
SRR000001.FR0.335796
SRR000001.FR0.335839
SRR000001.FR0.340192
SRR000001.FR0.340982
SRR000001.FR0.34118
SRR000001.FR0.34326
SRR000001.FR0.343360
SRR000001.FR0.344789
SRR000001.FR0.346305
SRR000001.FR0.349101
SRR000001.FR0.352507
SRR000001.FR0.355611
SRR000001.FR0.356157
SRR000001.FR0.356547
SRR000001.FR0.35665
SRR000001.FR0.359850
SRR000001.FR0.360551
SRR000001.FR0.361148
SRR000001.FR0.364098
SRR000001.FR0.364453
SRR000001.FR0.372477
SRR000001.FR0.37637
SRR000001.FR0.378223
SRR000001.FR0.378254
SRR000001.FR0.378825
SRR000001.FR0.38099
SRR000001.FR0.382504
SRR000001.FR0.382756
SRR000001.FR0.383148
SRR000001.FR0.386170
SRR000001.FR0.386217
SRR000001.FR0.38993
SRR000001.FR0.391316
SRR000001.FR0.392145
SRR000001.FR0.392425
SRR000001.FR0.393090
SRR000001.FR0.393741
SRR000001.FR0.397104
SRR000001.FR0.397176
SRR000001.FR0.400604
SRR000001.FR0.401088
SRR000001.FR0.401974
SRR000001.FR0.406949
SRR000001.FR0.409542
SRR000001.FR0.411680
SRR000001.FR0.413366
SRR000001.FR0.416660
SRR000001.FR0.416903
SRR000001.FR0.417623
SRR000001.FR0.41808
SRR000001.FR0.422289
SRR000001.FR0.423940
SRR000001.FR0.424603
SRR000001.FR0.426291
SRR000001.FR0.430698
SRR000001.FR0.431758
SRR000001.FR0.435524
SRR000001.FR0.436005
SRR000001.FR0.438079
SRR000001.FR0.438794
SRR000001.FR0.440645
SRR000001.FR0.440798
SRR000001.FR0.443796
SRR000001.FR0.444386
SRR000001.FR0.444918
SRR000001.FR0.445157
SRR000001.FR0.445417
SRR000001.FR0.445945
SRR000001.FR0.447963
SRR000001.FR0.448266
SRR000001.FR0.452459
SRR000001.FR0.452945
SRR000001.FR0.453824
SRR000001.FR0.453999
SRR000001.FR0.454004
SRR000001.FR0.454318
SRR000001.FR0.454658
SRR000001.FR0.45540
SRR000001.FR0.45607
SRR000001.FR0.456483
SRR000001.FR0.457782
SRR000001.FR0.458273
SRR000001.FR0.458459
SRR000001.FR0.459747
SRR000001.FR0.462785
SRR000001.FR0.464988
SRR000001.FR0.466960
SRR000001.FR0.467509
SRR000001.FR0.46837
SRR000001.FR0.49013
SRR000001.FR0.53167
SRR000001.FR0.56078
SRR000001.FR0.56726
SRR000001.FR0.56849
SRR000001.FR0.58322
SRR000001.FR0.60221
SRR000001.FR0.63872
SRR000001.FR0.64272
SRR000001.FR0.64457
SRR000001.FR0.65471
SRR000001.FR0.67427
SRR000001.FR0.69460
SRR000001.FR0.70719
SRR000001.FR0.72857
SRR000001.FR0.77286
SRR000001.FR0.78307
SRR000001.FR0.7930
SRR000001.FR0.79393
SRR000001.FR0.82178
SRR000001.FR0.85538
SRR000001.FR0.87943
SRR000001.FR0.88387
SRR000001.FR0.91762
SRR000001.FR0.93462
SRR000001.FR0.95038
SRR000001.FR0.97891
SRR000001.FR0.98347
SRR000001.FR1.128569
SRR000001.FR1.132513
SRR000001.FR1.133823
SRR000001.FR1.134217
SRR000001.FR1.142439
SRR000001.FR1.146004
SRR000001.FR1.16279
SRR000001.FR1.172194
SRR000001.FR1.184975
SRR000001.FR1.185485
SRR000001.FR1.187316
SRR000001.FR1.195352
SRR000001.FR1.196527
SRR000001.FR1.202917
SRR000001.FR1.207665
SRR000001.FR1.213174
SRR000001.FR1.21381
SRR000001.FR1.216615
SRR000001.FR1.227610
SRR000001.FR1.231672
SRR000001.FR1.236560
SRR000001.FR1.237148
SRR000001.FR1.239391
SRR000001.FR1.239737
SRR000001.FR1.242236
SRR000001.FR1.246272
SRR000001.FR1.24919
SRR000001.FR1.249649
SRR000001.FR1.250128
SRR000001.FR1.254705
SRR000001.FR1.260067
SRR000001.FR1.260198
SRR000001.FR1.26483
SRR000001.FR1.271239
SRR000001.FR1.283337
SRR000001.FR1.287496
SRR000001.FR1.288534
SRR000001.FR1.302078
SRR000001.FR1.306798
SRR000001.FR1.312391
SRR000001.FR1.336113
SRR000001.FR1.337935
SRR000001.FR1.341451
SRR000001.FR1.341584
SRR000001.FR1.342439
SRR000001.FR1.343728
SRR000001.FR1.34845
SRR000001.FR1.353654
SRR000001.FR1.360356
SRR000001.FR1.361972
SRR000001.FR1.362473
SRR000001.FR1.36262
SRR000001.FR1.365342
SRR000001.FR1.366459
SRR000001.FR1.368124
SRR000001.FR1.368862
SRR000001.FR1.375534
SRR000001.FR1.381383
SRR000001.FR1.403129
SRR000001.FR1.403753
SRR000001.FR1.406742
SRR000001.FR1.409086
SRR000001.FR1.412580
SRR000001.FR1.417132
SRR000001.FR1.418220
SRR000001.FR1.429569
SRR000001.FR1.430588
SRR000001.FR1.443358
SRR000001.FR1.450811
SRR000001.FR1.451703
SRR000001.FR1.454615
SRR000001.FR1.458640
SRR000001.FR1.50138
SRR000001.FR1.5177
SRR000001.FR1.52739
SRR000001.FR1.54543
SRR000001.FR1.696
SRR000001.FR1.71796
SRR000001.FR1.78707
SRR000001.FR1.88343
SRR000001.FR1.9289
SRR000001.FR1.93653
SRR000001.FR1.95618
