SRR000001.FR0.104184
SRR000001.FR0.104686
SRR000001.FR0.105697
SRR000001.FR0.105918
SRR000001.FR0.106386
SRR000001.FR0.106393
SRR000001.FR0.107114
SRR000001.FR0.10771
SRR000001.FR0.108374
SRR000001.FR0.108492
SRR000001.FR0.109632
SRR000001.FR0.109862
SRR000001.FR0.110122
SRR000001.FR0.110126
SRR000001.FR0.110239
SRR000001.FR0.110733
SRR000001.FR0.111456
SRR000001.FR0.111473
SRR000001.FR0.111652
SRR000001.FR0.111690
SRR000001.FR0.111812
SRR000001.FR0.111948
SRR000001.FR0.11231
SRR000001.FR0.113035
SRR000001.FR0.113216
SRR000001.FR0.113658
SRR000001.FR0.113964
SRR000001.FR0.114529
SRR000001.FR0.114981
SRR000001.FR0.115592
SRR000001.FR0.116358
SRR000001.FR0.116949
SRR000001.FR0.117478
SRR000001.FR0.118212
SRR000001.FR0.11906
SRR000001.FR0.119956
SRR000001.FR0.12005
SRR000001.FR0.122515
SRR000001.FR0.122571
SRR000001.FR0.122829
SRR000001.FR0.123223
SRR000001.FR0.123761
SRR000001.FR0.125359
SRR000001.FR0.125960
SRR000001.FR0.12634
SRR000001.FR0.127003
SRR000001.FR0.127380
SRR000001.FR0.127385
SRR000001.FR0.128788
SRR000001.FR0.128926
SRR000001.FR0.129618
SRR000001.FR0.131237
SRR000001.FR0.131525
SRR000001.FR0.13210
SRR000001.FR0.135108
SRR000001.FR0.135214
SRR000001.FR0.135665
SRR000001.FR0.136696
SRR000001.FR0.136723
SRR000001.FR0.137656
SRR000001.FR0.138638
SRR000001.FR0.139206
SRR000001.FR0.13926
SRR000001.FR0.139309
SRR000001.FR0.140064
SRR000001.FR0.140257
SRR000001.FR0.141307
SRR000001.FR0.14183
SRR000001.FR0.1419
SRR000001.FR0.142103
SRR000001.FR0.142881
SRR000001.FR0.143611
SRR000001.FR0.144361
SRR000001.FR0.144785
SRR000001.FR0.145319
SRR000001.FR0.14768
SRR000001.FR0.147862
SRR000001.FR0.149433
SRR000001.FR0.150314
SRR000001.FR0.150873
SRR000001.FR0.151481
SRR000001.FR0.151938
SRR000001.FR0.152009
SRR000001.FR0.152054
SRR000001.FR0.152060
SRR000001.FR0.153092
SRR000001.FR0.153685
SRR000001.FR0.153703
SRR000001.FR0.154251
SRR000001.FR0.154300
SRR000001.FR0.154616
SRR000001.FR0.155402
SRR000001.FR0.155806
SRR000001.FR0.1563
SRR000001.FR0.15647
SRR000001.FR0.156614
SRR000001.FR0.157464
SRR000001.FR0.157611
SRR000001.FR0.15780
SRR000001.FR0.159210
SRR000001.FR0.15963
SRR000001.FR0.159980
SRR000001.FR0.160479
SRR000001.FR0.160917
SRR000001.FR0.161139
SRR000001.FR0.161596
SRR000001.FR0.162020
SRR000001.FR0.162242
SRR000001.FR0.162371
SRR000001.FR0.162673
SRR000001.FR0.163626
SRR000001.FR0.163778
SRR000001.FR0.164426
SRR000001.FR0.16475
SRR000001.FR0.165499
SRR000001.FR0.165789
SRR000001.FR0.165821
SRR000001.FR0.166723
SRR000001.FR0.167041
SRR000001.FR0.168739
SRR000001.FR0.171214
SRR000001.FR0.171321
SRR000001.FR0.171793
SRR000001.FR0.172868
SRR000001.FR0.17296
SRR000001.FR0.173453
SRR000001.FR0.177660
SRR000001.FR0.17767
SRR000001.FR0.179085
SRR000001.FR0.179367
SRR000001.FR0.181510
SRR000001.FR0.181599
SRR000001.FR0.181893
SRR000001.FR0.182456
SRR000001.FR0.182575
SRR000001.FR0.182798
SRR000001.FR0.183228
SRR000001.FR0.183843
SRR000001.FR0.183953
SRR000001.FR0.184089
SRR000001.FR0.184406
SRR000001.FR0.184753
SRR000001.FR0.184985
SRR000001.FR0.187610
SRR000001.FR0.187661
SRR000001.FR0.188033
SRR000001.FR0.188228
SRR000001.FR0.189868
SRR000001.FR0.19014
SRR000001.FR0.190561
SRR000001.FR0.190562
SRR000001.FR0.191125
SRR000001.FR0.191651
SRR000001.FR0.191961
SRR000001.FR0.192432
SRR000001.FR0.193969
SRR000001.FR0.194128
SRR000001.FR0.194173
SRR000001.FR0.195854
SRR000001.FR0.196620
SRR000001.FR0.197396
SRR000001.FR0.197812
SRR000001.FR0.200117
SRR000001.FR0.200750
SRR000001.FR0.20096
SRR000001.FR0.201005
SRR000001.FR0.20183
SRR000001.FR0.202656
SRR000001.FR0.203675
SRR000001.FR0.203829
SRR000001.FR0.204078
SRR000001.FR0.204453
SRR000001.FR0.205053
SRR000001.FR0.205879
SRR000001.FR0.206420
SRR000001.FR0.206627
SRR000001.FR0.206634
SRR000001.FR0.206649
SRR000001.FR0.206849
SRR000001.FR0.207325
SRR000001.FR0.207781
SRR000001.FR0.207851
SRR000001.FR0.208636
SRR000001.FR0.209108
SRR000001.FR0.210165
SRR000001.FR0.211098
SRR000001.FR0.211901
SRR000001.FR0.212739
SRR000001.FR0.213018
SRR000001.FR0.213142
SRR000001.FR0.214710
SRR000001.FR0.214856
SRR000001.FR0.215411
SRR000001.FR0.215802
SRR000001.FR0.216355
SRR000001.FR0.216783
SRR000001.FR0.217252
SRR000001.FR0.217799
SRR000001.FR0.217874
SRR000001.FR0.219819
SRR000001.FR0.22023
SRR000001.FR0.22049
SRR000001.FR0.221360
SRR000001.FR0.222833
SRR000001.FR0.223836
SRR000001.FR0.224160
SRR000001.FR0.225142
SRR000001.FR0.22558
SRR000001.FR0.225987
SRR000001.FR0.226698
SRR000001.FR0.226902
SRR000001.FR0.227324
SRR000001.FR0.228320
SRR000001.FR0.228406
SRR000001.FR0.228584
SRR000001.FR0.229271
SRR000001.FR0.229453
SRR000001.FR0.229632
SRR000001.FR0.229707
SRR000001.FR0.230298
SRR000001.FR0.230854
SRR000001.FR0.231025
SRR000001.FR0.231525
SRR000001.FR0.232857
SRR000001.FR0.233340
SRR000001.FR0.233413
SRR000001.FR0.233419
SRR000001.FR0.233800
SRR000001.FR0.234457
SRR000001.FR0.234535
SRR000001.FR0.236288
SRR000001.FR0.239154
SRR000001.FR0.239806
SRR000001.FR0.240278
SRR000001.FR0.241266
SRR000001.FR0.241287
SRR000001.FR0.241626
SRR000001.FR0.24362
SRR000001.FR0.246408
SRR000001.FR0.247149
SRR000001.FR0.247239
SRR000001.FR0.247430
SRR000001.FR0.248299
SRR000001.FR0.248448
SRR000001.FR0.250649
SRR000001.FR0.25098
SRR000001.FR0.251529
SRR000001.FR0.252784
SRR000001.FR0.253259
SRR000001.FR0.25673
SRR000001.FR0.257160
SRR000001.FR0.257853
SRR000001.FR0.257856
SRR000001.FR0.257942
SRR000001.FR0.257994
SRR000001.FR0.259565
SRR000001.FR0.260378
SRR000001.FR0.261115
SRR000001.FR0.261179
SRR000001.FR0.263185
SRR000001.FR0.264255
SRR000001.FR0.265354
SRR000001.FR0.265464
SRR000001.FR0.265619
SRR000001.FR0.265982
SRR000001.FR0.266154
SRR000001.FR0.267273
SRR000001.FR0.267746
SRR000001.FR0.269000
SRR000001.FR0.269589
SRR000001.FR0.270571
SRR000001.FR0.270609
SRR000001.FR0.271183
SRR000001.FR0.27142
SRR000001.FR0.273011
SRR000001.FR0.273448
SRR000001.FR0.274749
SRR000001.FR0.275850
SRR000001.FR0.275915
SRR000001.FR0.277734
SRR000001.FR0.278041
SRR000001.FR0.278183
SRR000001.FR0.278943
SRR000001.FR0.280218
SRR000001.FR0.280492
SRR000001.FR0.28063
SRR000001.FR0.281485
SRR000001.FR0.281625
SRR000001.FR0.282630
SRR000001.FR0.284045
SRR000001.FR0.284359
SRR000001.FR0.284895
SRR000001.FR0.285262
SRR000001.FR0.285787
SRR000001.FR0.286208
SRR000001.FR0.286410
SRR000001.FR0.286588
SRR000001.FR0.286705
SRR000001.FR0.286933
SRR000001.FR0.289790
SRR000001.FR0.292691
SRR000001.FR0.292879
SRR000001.FR0.2934
SRR000001.FR0.293866
SRR000001.FR0.293929
SRR000001.FR0.294498
SRR000001.FR0.294831
SRR000001.FR0.294980
SRR000001.FR0.296105
SRR000001.FR0.296978
SRR000001.FR0.300638
SRR000001.FR0.301164
SRR000001.FR0.301195
SRR000001.FR0.301289
SRR000001.FR0.301601
SRR000001.FR0.303962
SRR000001.FR0.305070
SRR000001.FR0.308415
SRR000001.FR0.308557
SRR000001.FR0.309590
SRR000001.FR0.309604
SRR000001.FR0.311277
SRR000001.FR0.312144
SRR000001.FR0.312711
SRR000001.FR0.313153
SRR000001.FR0.313857
SRR000001.FR0.314703
SRR000001.FR0.315493
SRR000001.FR0.316168
SRR000001.FR0.316493
SRR000001.FR0.317028
SRR000001.FR0.317105
SRR000001.FR0.317675
SRR000001.FR0.319075
SRR000001.FR0.319436
SRR000001.FR0.319635
SRR000001.FR0.320757
SRR000001.FR0.322321
SRR000001.FR0.322496
SRR000001.FR0.323328
SRR000001.FR0.324369
SRR000001.FR0.324546
SRR000001.FR0.324737
SRR000001.FR0.324780
SRR000001.FR0.325082
SRR000001.FR0.325206
SRR000001.FR0.325261
SRR000001.FR0.32545
SRR000001.FR0.325782
SRR000001.FR0.325902
SRR000001.FR0.329076
SRR000001.FR0.329491
SRR000001.FR0.329815
SRR000001.FR0.331116
SRR000001.FR0.331357
SRR000001.FR0.332312
SRR000001.FR0.333243
SRR000001.FR0.333424
SRR000001.FR0.333498
SRR000001.FR0.334125
SRR000001.FR0.335796
SRR000001.FR0.335839
SRR000001.FR0.336637
SRR000001.FR0.337970
SRR000001.FR0.340192
SRR000001.FR0.340982
SRR000001.FR0.34118
SRR000001.FR0.34326
SRR000001.FR0.343360
SRR000001.FR0.34371
SRR000001.FR0.344157
SRR000001.FR0.344167
SRR000001.FR0.344789
SRR000001.FR0.345216
SRR000001.FR0.346305
SRR000001.FR0.348381
SRR000001.FR0.348691
SRR000001.FR0.349101
SRR000001.FR0.351134
SRR000001.FR0.351492
SRR000001.FR0.352507
SRR000001.FR0.353452
SRR000001.FR0.353920
SRR000001.FR0.354621
SRR000001.FR0.354947
SRR000001.FR0.355611
SRR000001.FR0.356157
SRR000001.FR0.356547
SRR000001.FR0.35665
SRR000001.FR0.357673
SRR000001.FR0.358165
SRR000001.FR0.35879
SRR000001.FR0.359850
SRR000001.FR0.36053
SRR000001.FR0.360551
SRR000001.FR0.360701
SRR000001.FR0.361148
SRR000001.FR0.362169
SRR000001.FR0.362179
SRR000001.FR0.364098
SRR000001.FR0.364389
SRR000001.FR0.364453
SRR000001.FR0.364835
SRR000001.FR0.365537
SRR000001.FR0.366409
SRR000001.FR0.368836
SRR000001.FR0.369372
SRR000001.FR0.369662
SRR000001.FR0.370523
SRR000001.FR0.370803
SRR000001.FR0.371190
SRR000001.FR0.371221
SRR000001.FR0.372229
SRR000001.FR0.372477
SRR000001.FR0.37437
SRR000001.FR0.375154
SRR000001.FR0.375813
SRR000001.FR0.37637
SRR000001.FR0.377797
SRR000001.FR0.377852
SRR000001.FR0.378223
SRR000001.FR0.378254
SRR000001.FR0.378360
SRR000001.FR0.378825
SRR000001.FR0.379901
SRR000001.FR0.380958
SRR000001.FR0.38099
SRR000001.FR0.381048
SRR000001.FR0.382504
SRR000001.FR0.382756
SRR000001.FR0.383148
SRR000001.FR0.384853
SRR000001.FR0.386170
SRR000001.FR0.386217
SRR000001.FR0.386401
SRR000001.FR0.386678
SRR000001.FR0.387491
SRR000001.FR0.38805
SRR000001.FR0.38993
SRR000001.FR0.390258
SRR000001.FR0.391316
SRR000001.FR0.391424
SRR000001.FR0.392145
SRR000001.FR0.392425
SRR000001.FR0.393090
SRR000001.FR0.393741
SRR000001.FR0.394538
SRR000001.FR0.395094
SRR000001.FR0.396461
SRR000001.FR0.397104
SRR000001.FR0.397176
SRR000001.FR0.398690
SRR000001.FR0.398910
SRR000001.FR0.398959
SRR000001.FR0.399814
SRR000001.FR0.40
SRR000001.FR0.400604
SRR000001.FR0.400684
SRR000001.FR0.400776
SRR000001.FR0.400843
SRR000001.FR0.401088
SRR000001.FR0.401358
SRR000001.FR0.40149
SRR000001.FR0.401817
SRR000001.FR0.401974
SRR000001.FR0.403984
SRR000001.FR0.404160
SRR000001.FR0.40592
SRR000001.FR0.406184
SRR000001.FR0.406949
SRR000001.FR0.408615
SRR000001.FR0.409542
SRR000001.FR0.411168
SRR000001.FR0.411680
SRR000001.FR0.412986
SRR000001.FR0.413366
SRR000001.FR0.413582
SRR000001.FR0.41469
SRR000001.FR0.415187
SRR000001.FR0.416621
SRR000001.FR0.416660
SRR000001.FR0.416903
SRR000001.FR0.417435
SRR000001.FR0.417623
SRR000001.FR0.41808
SRR000001.FR0.418599
SRR000001.FR0.419898
SRR000001.FR0.4205
SRR000001.FR0.420613
SRR000001.FR0.420758
SRR000001.FR0.421104
SRR000001.FR0.421336
SRR000001.FR0.421533
SRR000001.FR0.422289
SRR000001.FR0.423940
SRR000001.FR0.424541
SRR000001.FR0.424603
SRR000001.FR0.425073
SRR000001.FR0.425614
SRR000001.FR0.426261
SRR000001.FR0.426291
SRR000001.FR0.426833
SRR000001.FR0.427108
SRR000001.FR0.427129
SRR000001.FR0.427976
SRR000001.FR0.428069
SRR000001.FR0.428358
SRR000001.FR0.428444
SRR000001.FR0.428787
SRR000001.FR0.428794
SRR000001.FR0.429063
SRR000001.FR0.429596
SRR000001.FR0.430698
SRR000001.FR0.431365
SRR000001.FR0.43141
SRR000001.FR0.431417
SRR000001.FR0.431715
SRR000001.FR0.431725
SRR000001.FR0.431758
SRR000001.FR0.433323
SRR000001.FR0.433449
SRR000001.FR0.433526
SRR000001.FR0.433593
SRR000001.FR0.434613
SRR000001.FR0.435524
SRR000001.FR0.436005
SRR000001.FR0.438079
SRR000001.FR0.438196
SRR000001.FR0.438794
SRR000001.FR0.439527
SRR000001.FR0.440645
SRR000001.FR0.440798
SRR000001.FR0.441151
SRR000001.FR0.443434
SRR000001.FR0.443796
SRR000001.FR0.444117
SRR000001.FR0.444386
SRR000001.FR0.444918
SRR000001.FR0.445157
SRR000001.FR0.445417
SRR000001.FR0.445797
SRR000001.FR0.445945
SRR000001.FR0.447963
SRR000001.FR0.448266
SRR000001.FR0.448759
SRR000001.FR0.451860
SRR000001.FR0.452459
SRR000001.FR0.452945
SRR000001.FR0.453723
SRR000001.FR0.453824
SRR000001.FR0.453999
SRR000001.FR0.454004
SRR000001.FR0.454318
SRR000001.FR0.454658
SRR000001.FR0.454662
SRR000001.FR0.455048
SRR000001.FR0.45540
SRR000001.FR0.455563
SRR000001.FR0.45607
SRR000001.FR0.456483
SRR000001.FR0.4572
SRR000001.FR0.457222
SRR000001.FR0.457782
SRR000001.FR0.458273
SRR000001.FR0.458459
SRR000001.FR0.459282
SRR000001.FR0.459747
SRR000001.FR0.459828
SRR000001.FR0.462785
SRR000001.FR0.462911
SRR000001.FR0.464142
SRR000001.FR0.464988
SRR000001.FR0.465990
SRR000001.FR0.466095
SRR000001.FR0.466960
SRR000001.FR0.467221
SRR000001.FR0.467288
SRR000001.FR0.467328
SRR000001.FR0.467509
SRR000001.FR0.467694
SRR000001.FR0.46837
SRR000001.FR0.469355
SRR000001.FR0.469699
SRR000001.FR0.470568
SRR000001.FR0.49013
SRR000001.FR0.50407
SRR000001.FR0.50748
SRR000001.FR0.51607
SRR000001.FR0.5221
SRR000001.FR0.52289
SRR000001.FR0.53167
SRR000001.FR0.54184
SRR000001.FR0.54534
SRR000001.FR0.54540
SRR000001.FR0.5527
SRR000001.FR0.55638
SRR000001.FR0.56078
SRR000001.FR0.56455
SRR000001.FR0.56648
SRR000001.FR0.56700
SRR000001.FR0.56726
SRR000001.FR0.56849
SRR000001.FR0.57034
SRR000001.FR0.58322
SRR000001.FR0.58825
SRR000001.FR0.59200
SRR000001.FR0.5937
SRR000001.FR0.59975
SRR000001.FR0.60221
SRR000001.FR0.6087
SRR000001.FR0.61368
SRR000001.FR0.62050
SRR000001.FR0.62458
SRR000001.FR0.62562
SRR000001.FR0.63762
SRR000001.FR0.63872
SRR000001.FR0.64272
SRR000001.FR0.64457
SRR000001.FR0.65228
SRR000001.FR0.65471
SRR000001.FR0.66397
SRR000001.FR0.66439
SRR000001.FR0.67285
SRR000001.FR0.674
SRR000001.FR0.67427
SRR000001.FR0.67889
SRR000001.FR0.69300
SRR000001.FR0.69460
SRR000001.FR0.69505
SRR000001.FR0.70719
SRR000001.FR0.72749
SRR000001.FR0.72825
SRR000001.FR0.72857
SRR000001.FR0.73197
SRR000001.FR0.76379
SRR000001.FR0.77286
SRR000001.FR0.77906
SRR000001.FR0.78307
SRR000001.FR0.7930
SRR000001.FR0.79393
SRR000001.FR0.81280
SRR000001.FR0.81759
SRR000001.FR0.82178
SRR000001.FR0.8288
SRR000001.FR0.83959
SRR000001.FR0.85538
SRR000001.FR0.86458
SRR000001.FR0.86781
SRR000001.FR0.87403
SRR000001.FR0.87943
SRR000001.FR0.88378
SRR000001.FR0.88387
SRR000001.FR0.91762
SRR000001.FR0.92425
SRR000001.FR0.93462
SRR000001.FR0.94302
SRR000001.FR0.95038
SRR000001.FR0.97891
SRR000001.FR0.98103
SRR000001.FR0.98347
SRR000001.FR0.99190
SRR000001.FR0.99986
SRR000001.FR1.106207
SRR000001.FR1.106574
SRR000001.FR1.108780
SRR000001.FR1.109852
SRR000001.FR1.110031
SRR000001.FR1.110091
SRR000001.FR1.117691
SRR000001.FR1.120678
SRR000001.FR1.121261
SRR000001.FR1.122421
SRR000001.FR1.12399
SRR000001.FR1.125797
SRR000001.FR1.126543
SRR000001.FR1.12674
SRR000001.FR1.127619
SRR000001.FR1.128569
SRR000001.FR1.132513
SRR000001.FR1.133419
SRR000001.FR1.133823
SRR000001.FR1.134217
SRR000001.FR1.134421
SRR000001.FR1.141342
SRR000001.FR1.142439
SRR000001.FR1.143683
SRR000001.FR1.146004
SRR000001.FR1.147484
SRR000001.FR1.147656
SRR000001.FR1.153436
SRR000001.FR1.153660
SRR000001.FR1.154627
SRR000001.FR1.15485
SRR000001.FR1.158185
SRR000001.FR1.158352
SRR000001.FR1.15939
SRR000001.FR1.159662
SRR000001.FR1.16082
SRR000001.FR1.16279
SRR000001.FR1.163807
SRR000001.FR1.16515
SRR000001.FR1.166051
SRR000001.FR1.168359
SRR000001.FR1.172194
SRR000001.FR1.174100
SRR000001.FR1.175759
SRR000001.FR1.181675
SRR000001.FR1.18398
SRR000001.FR1.184975
SRR000001.FR1.185367
SRR000001.FR1.185485
SRR000001.FR1.187316
SRR000001.FR1.191809
SRR000001.FR1.195301
SRR000001.FR1.195352
SRR000001.FR1.195769
SRR000001.FR1.196527
SRR000001.FR1.202917
SRR000001.FR1.207665
SRR000001.FR1.212601
SRR000001.FR1.21277
SRR000001.FR1.213174
SRR000001.FR1.21381
SRR000001.FR1.216615
SRR000001.FR1.22104
SRR000001.FR1.22699
SRR000001.FR1.227610
SRR000001.FR1.22929
SRR000001.FR1.231672
SRR000001.FR1.2326
SRR000001.FR1.236264
SRR000001.FR1.236560
SRR000001.FR1.237148
SRR000001.FR1.238449
SRR000001.FR1.239391
SRR000001.FR1.239737
SRR000001.FR1.241847
SRR000001.FR1.242236
SRR000001.FR1.245142
SRR000001.FR1.246272
SRR000001.FR1.24919
SRR000001.FR1.249649
SRR000001.FR1.249841
SRR000001.FR1.250128
SRR000001.FR1.253135
SRR000001.FR1.254705
SRR000001.FR1.25976
SRR000001.FR1.260067
SRR000001.FR1.260198
SRR000001.FR1.262380
SRR000001.FR1.26483
SRR000001.FR1.265272
SRR000001.FR1.265986
SRR000001.FR1.271239
SRR000001.FR1.275747
SRR000001.FR1.281033
SRR000001.FR1.282265
SRR000001.FR1.283337
SRR000001.FR1.287496
SRR000001.FR1.288534
SRR000001.FR1.289760
SRR000001.FR1.295241
SRR000001.FR1.302078
SRR000001.FR1.306798
SRR000001.FR1.30838
SRR000001.FR1.3098
SRR000001.FR1.31162
SRR000001.FR1.312391
SRR000001.FR1.325177
SRR000001.FR1.327888
SRR000001.FR1.327987
SRR000001.FR1.329299
SRR000001.FR1.332256
SRR000001.FR1.333431
SRR000001.FR1.336113
SRR000001.FR1.337935
SRR000001.FR1.341451
SRR000001.FR1.341584
SRR000001.FR1.342319
SRR000001.FR1.342439
SRR000001.FR1.343728
SRR000001.FR1.345292
SRR000001.FR1.345682
SRR000001.FR1.346044
SRR000001.FR1.346458
SRR000001.FR1.34845
SRR000001.FR1.350773
SRR000001.FR1.3514
SRR000001.FR1.352483
SRR000001.FR1.353654
SRR000001.FR1.356084
SRR000001.FR1.357018
SRR000001.FR1.359522
SRR000001.FR1.360356
SRR000001.FR1.361972
SRR000001.FR1.362473
SRR000001.FR1.36262
SRR000001.FR1.36274
SRR000001.FR1.363442
SRR000001.FR1.365342
SRR000001.FR1.366459
SRR000001.FR1.368124
SRR000001.FR1.368491
SRR000001.FR1.368862
SRR000001.FR1.373382
SRR000001.FR1.374200
SRR000001.FR1.375534
SRR000001.FR1.376727
SRR000001.FR1.381383
SRR000001.FR1.387028
SRR000001.FR1.38979
SRR000001.FR1.391501
SRR000001.FR1.393364
SRR000001.FR1.393848
SRR000001.FR1.398211
SRR000001.FR1.399357
SRR000001.FR1.39963
SRR000001.FR1.401338
SRR000001.FR1.401500
SRR000001.FR1.403129
SRR000001.FR1.403753
SRR000001.FR1.404307
SRR000001.FR1.406742
SRR000001.FR1.408404
SRR000001.FR1.409086
SRR000001.FR1.409787
SRR000001.FR1.409795
SRR000001.FR1.412580
SRR000001.FR1.412775
SRR000001.FR1.417132
SRR000001.FR1.418220
SRR000001.FR1.426936
SRR000001.FR1.429569
SRR000001.FR1.43022
SRR000001.FR1.430588
SRR000001.FR1.431794
SRR000001.FR1.436395
SRR000001.FR1.442258
SRR000001.FR1.443358
SRR000001.FR1.447990
SRR000001.FR1.45
SRR000001.FR1.450811
SRR000001.FR1.451703
SRR000001.FR1.454615
SRR000001.FR1.454629
SRR000001.FR1.456948
SRR000001.FR1.458640
SRR000001.FR1.463361
SRR000001.FR1.466119
SRR000001.FR1.4770
SRR000001.FR1.50138
SRR000001.FR1.51695
SRR000001.FR1.517
SRR000001.FR1.5177
SRR000001.FR1.52739
SRR000001.FR1.54543
SRR000001.FR1.55862
SRR000001.FR1.59028
SRR000001.FR1.5939
SRR000001.FR1.60757
SRR000001.FR1.66944
SRR000001.FR1.696
SRR000001.FR1.71796
SRR000001.FR1.72870
SRR000001.FR1.72942
SRR000001.FR1.75801
SRR000001.FR1.78707
SRR000001.FR1.83911
SRR000001.FR1.88343
SRR000001.FR1.92366
SRR000001.FR1.92722
SRR000001.FR1.9289
SRR000001.FR1.93376
SRR000001.FR1.93653
SRR000001.FR1.93942
SRR000001.FR1.95618
