SRR600095.FR1.69793
SRR600095.FR1.694078
SRR600095.FR1.1034389
SRR600095.FR1.1746425
SRR600095.FR0.1746431
SRR600095.FR1.1746434
SRR600096.FR0.3
SRR600096.FR0.4
SRR600096.FR0.6
SRR600096.FR0.8
SRR600096.FR0.10
SRR600096.FR0.15
