SRR600094.FR0.101990
SRR600094.FR0.101991
SRR600094.FR0.1053648
SRR600094.FR0.1053650
SRR600094.FR0.1053651
SRR600094.FR0.1053652
SRR600094.FR1.101989
SRR600094.FR1.1053649
SRR600094.FR1.1053653
SRR600095.FR1.694078
SRR600095.FR1.69793
