
ERROR: Options --reference and --expression cannot be used together
