
ERROR: query expressions are only supported for NucStrstr
