SRR600094.FR0.101990
SRR600094.FR0.101991
SRR600094.FR0.1053648
SRR600094.FR0.1053650
SRR600094.FR0.1053651
SRR600094.FR0.1053652
SRR600094.FR0.1561682
SRR600094.FR0.1667877
SRR600094.FR0.2625526
SRR600094.FR0.2805749
SRR600094.FR0.324216
SRR600094.FR1.101989
SRR600094.FR1.1053649
SRR600094.FR1.1053653
SRR600094.FR1.1561683
SRR600094.FR1.2625553
SRR600095.FR0.1746431
SRR600095.FR1.1034389
SRR600095.FR1.1746425
SRR600095.FR1.1746434
SRR600095.FR1.694078
SRR600095.FR1.69793
SRR600096.FR0.10
SRR600096.FR0.15
SRR600096.FR0.3
SRR600096.FR0.4
SRR600096.FR0.6
SRR600096.FR0.8
SRR600099.FR0.128540
SRR600099.FR0.1376164
SRR600099.FR0.2033580
SRR600099.FR0.3393143
SRR600099.FR1.1376165
SRR600099.FR1.1376166
SRR600099.FR1.2033581
SRR600099.FR1.319987
SRR600099.FR1.3393155
SRR600099.FR1.3393166
SRR600099.FR1.3393186
