>NW_003336815.1:1.1142
GCGCCTCAGCGAGGGGCGTCGAGGTCGCGATCAGACACCAGCAGGATGGAACGCACAACGCGGCAGTCCA
AACGACGAAAGCTCGGTCGAGGAGCCCAATGGGCCGATACCATCTAACCCCATACCAACGGGCACCCAAG
CCCTGCCTGAACCTATGGCGGACCGGGAGCAGGGGGAGCACCCGGGAGTGGTGGTGATCCTGCCGCTCCG
GGACTTCAACTGCCCCCTATGTGGCGGGTCGGCGAGCACGGCGGTGAAAGTGCAAAGACACTTTGCATTT
CGCCACGGAACAGTGCCCGTTAGATTCAGCTGTGAATCATGTGGAAAAACCTCTCCGGGTTGCCATTCCG
TCCTCTGTCACATTCCGAAATGTCGCGGACCGACAGGCGAGCCGCCTGAGAAAGTGGTTAAGTGCGAGGG
ATGCAGTAGGACATTTGACACAAGGAGAGCGTGTAGTATACATGAGATGCACGTCCACTCAGAAATCCGC
AATAGGAAAAGAATTGCTCAAGACAGGCAAGAAAAAGGGACCTCGACAGATGGAGAGGGGAGAGCTGGAG
TCGAAAGGGCTGACGCTGGGGAAGGTCCCTCTGGGGAAGGGATCCCCCCTAAACGTCCCAGACGTGCGAG
AACGCCCAGAGAACCGTCTGAGCCCCCCGCGAATCCGCCGATTCTCTCGCCACAACCCGATCTGCCCCCA
GGAGGCCTCCGGGACCTACTCCGGGAGGTGGCCAGTGGGTGGGTAAGGGCAGCGAGAGACGGAGGTACGG
TGATTGACAGCGTGCTCGCAGCATGGTTGGATGGCAACGATCGGCTCCCTGAGCTGGTTGACGCGGCGAC
GCAAAGGACACTGCAGGGCTTACCTGCAGGGAGGTTGGCCCGAAGACCCGCAACTTTTGTTGCGCCTAAC
CAGAGGAGAGGCAGGTGGGGGCGCCGGCTCAAACTGCTCGCTAAGCGCCGCGCCTACCACGATTGCCAAA
TTCAGTTCCGAAAAGACCCAGCCCGCCTAGCCGCGAACATCCTAGACGGAAGAAGCAAATTGAGGTGCCC
AATCAATAAAGAAGCGATTCATGAGCACTTTCGAAACAAATGGGCAAATCCAAGTCCATTTGGTGGGCTG
GGACGATTTGGGACGGAAGAAA
