>NW_003336815.1:1.100
GCGCCTCAGCGAGGGGCGTCGAGGTCGCGATCAGACACCAGCAGGATGGAACGCACAACGCGGCAGTCCA
AACGACGAAAGCTCGGTCGAGGAGCCCAAT
