>NW_003336815.1:100.1043
TGGGCCGATACCATCTAACCCCATACCAACGGGCACCCAAGCCCTGCCTGAACCTATGGCGGACCGGGAG
CAGGGGGAGCACCCGGGAGTGGTGGTGATCCTGCCGCTCCGGGACTTCAACTGCCCCCTATGTGGCGGGT
CGGCGAGCACGGCGGTGAAAGTGCAAAGACACTTTGCATTTCGCCACGGAACAGTGCCCGTTAGATTCAG
CTGTGAATCATGTGGAAAAACCTCTCCGGGTTGCCATTCCGTCCTCTGTCACATTCCGAAATGTCGCGGA
CCGACAGGCGAGCCGCCTGAGAAAGTGGTTAAGTGCGAGGGATGCAGTAGGACATTTGACACAAGGAGAG
CGTGTAGTATACATGAGATGCACGTCCACTCAGAAATCCGCAATAGGAAAAGAATTGCTCAAGACAGGCA
AGAAAAAGGGACCTCGACAGATGGAGAGGGGAGAGCTGGAGTCGAAAGGGCTGACGCTGGGGAAGGTCCC
TCTGGGGAAGGGATCCCCCCTAAACGTCCCAGACGTGCGAGAACGCCCAGAGAACCGTCTGAGCCCCCCG
CGAATCCGCCGATTCTCTCGCCACAACCCGATCTGCCCCCAGGAGGCCTCCGGGACCTACTCCGGGAGGT
GGCCAGTGGGTGGGTAAGGGCAGCGAGAGACGGAGGTACGGTGATTGACAGCGTGCTCGCAGCATGGTTG
GATGGCAACGATCGGCTCCCTGAGCTGGTTGACGCGGCGACGCAAAGGACACTGCAGGGCTTACCTGCAG
GGAGGTTGGCCCGAAGACCCGCAACTTTTGTTGCGCCTAACCAGAGGAGAGGCAGGTGGGGGCGCCGGCT
CAAACTGCTCGCTAAGCGCCGCGCCTACCACGATTGCCAAATTCAGTTCCGAAAAGACCCAGCCCGCCTA
GCCGCGAACATCCTAGACGGAAGAAGCAAATTGAGGTGCCCAATCAATAAAGAAGCGATTCATGAGCACT
TTCGAAACAAATGGGCAAATCCAAGTCCATTTGGTGGGCTGGGACGATTTGGGACGGAAGAAA
