>NW_003336837.1:100.100
CTGCTGCCGCTGATAATCTACAGGTGCTTTAGGAAGAGCTGTCGCTGCTCATGTACATGCAGAAAAGTAC
ATAGAGTGTGTGTGTGTGTGTGTGTGTGTG
>NW_003336815.1:1.100
GCGCCTCAGCGAGGGGCGTCGAGGTCGCGATCAGACACCAGCAGGATGGAACGCACAACGCGGCAGTCCA
AACGACGAAAGCTCGGTCGAGGAGCCCAAT
