>NW_003336837.1:100.100
CTGCTGCCGCTGATAATCTACAGGTGCTTTAGGAAGAGCTGTCGCTGCTCATGTACATGCAGAAAAGTAC
ATAGAGTGTGTGTGTGTGTGTGTGTGTGTG
